let foooooooo = function
    | fooooooooooooooooooooooo -> foooooooooooooooooooooooooo

let foooooooo = function
    | fooooooooooooooooooooooo -> foooooooooooooooooooooooooo
    | fooooooooooooooooooooooo -> foooooooooooooooooooooooooo

let foo =
  fooooooooo foooooooo
    ~foooooooo:
      begin function
          | fooooooooooooooooooooooo -> foooooooooooooooooooooooooo
          | fooooooooooooooooooooooo -> foooooooooooooooooooooooooo
      end

let foo =
  fooooooooo foooooooo foooooooo foooooooo foooooooo foooooooo
    ~foooooooo:
      begin function
          | fooooooooooooooooooooooo -> foooooooooooooooooooooooooo
          | fooooooooooooooooooooooo -> foooooooooooooooooooooooooo
      end

let foooooooo =
  if fooooooooooo then function
    | fooooooooooooooooooooooo -> foooooooooooooooooooooooooo
    | fooooooooooooooooooooooo -> foooooooooooooooooooooooooo
  else function
    | fooooooooooooooooooooooo -> foooooooooooooooooooooooooo
    | fooooooooooooooooooooooo -> foooooooooooooooooooooooooo

let _ =
  { foo=
      begin fun _ -> function
        | _ ->
            let _ = 42 in
            ()
        | () -> ()
      end }

let _ =
  match () with
  | _ -> begin
    f
    >>= function
    | `Fooooooooooooooooooooooooooooooooooooooo -> 1
    | `Baaaaaaaaaaaaaaaaaaaaaaaaaaaaaaaaaaaaaar -> 2
  end
